2025-10-02 13:51:09.846 [info] [main] Log level: Info
2025-10-02 13:51:09.846 [info] [main] Validating found git in: "git"
2025-10-02 13:51:09.846 [info] [main] Using git "2.51.0" from "git"
2025-10-02 13:51:09.846 [info] [Model][doInitialScan] Initial repository scan started
2025-10-02 13:51:09.846 [info] > git rev-parse --show-toplevel [23ms]
2025-10-02 13:51:09.846 [info] > git rev-parse --git-dir --git-common-dir --show-superproject-working-tree [9ms]
2025-10-02 13:51:09.846 [info] [Model][openRepository] Opened repository (path): /home/michael/braindump
2025-10-02 13:51:09.846 [info] [Model][openRepository] Opened repository (real path): /home/michael/braindump
2025-10-02 13:51:09.846 [info] [Model][openRepository] Opened repository (kind): repository
2025-10-02 13:51:09.846 [info] > git rev-parse --show-toplevel [9ms]
2025-10-02 13:51:09.846 [info] > git config --get commit.template [13ms]
2025-10-02 13:51:09.847 [info] > git rev-parse --show-toplevel [6ms]
2025-10-02 13:51:09.850 [info] > git for-each-ref --format=%(refname)%00%(upstream:short)%00%(objectname)%00%(upstream:track)%00%(upstream:remotename)%00%(upstream:remoteref) refs/heads/main refs/remotes/main [5ms]
2025-10-02 13:51:09.851 [info] > git rev-parse --show-toplevel [2ms]
2025-10-02 13:51:09.870 [info] > git rev-parse --show-toplevel [15ms]
2025-10-02 13:51:09.886 [info] > git status -z -uall [7ms]
2025-10-02 13:51:09.886 [info] > git rev-parse --show-toplevel [1ms]
2025-10-02 13:51:09.886 [info] > git for-each-ref --sort -committerdate --format %(refname)%00%(objectname)%00%(*objectname) [4ms]
2025-10-02 13:51:09.901 [info] > git for-each-ref --format=%(refname)%00%(upstream:short)%00%(objectname)%00%(upstream:track)%00%(upstream:remotename)%00%(upstream:remoteref) refs/heads/main refs/remotes/main [9ms]
2025-10-02 13:51:09.910 [info] > git config --get --local branch.main.vscode-merge-base [6ms]
2025-10-02 13:51:09.914 [info] > git config --get commit.template [13ms]
2025-10-02 13:51:09.914 [info] > git rev-parse --show-toplevel [16ms]
2025-10-02 13:51:09.927 [info] > git for-each-ref --format=%(refname)%00%(upstream:short)%00%(objectname)%00%(upstream:track)%00%(upstream:remotename)%00%(upstream:remoteref) refs/heads/origin/main refs/remotes/origin/main [13ms]
2025-10-02 13:51:09.936 [info] > git rev-parse --show-toplevel [14ms]
2025-10-02 13:51:09.943 [info] > git for-each-ref --format=%(refname)%00%(upstream:short)%00%(objectname)%00%(upstream:track)%00%(upstream:remotename)%00%(upstream:remoteref) refs/heads/main refs/remotes/main [9ms]
2025-10-02 13:51:09.943 [info] > git merge-base refs/heads/main refs/remotes/origin/main [12ms]
2025-10-02 13:51:09.999 [info] > git rev-parse --show-toplevel [58ms]
2025-10-02 13:51:10.005 [info] > git diff --name-status -z --diff-filter=ADMR 89265d50b54c5673220c9e15137380b45aec5a6f...refs/remotes/origin/main [55ms]
2025-10-02 13:51:10.010 [info] > git rev-parse --show-toplevel [6ms]
2025-10-02 13:51:10.019 [info] > git status -z -uall [6ms]
2025-10-02 13:51:10.019 [info] > git for-each-ref --sort -committerdate --format %(refname)%00%(objectname)%00%(*objectname) [3ms]
2025-10-02 13:51:10.021 [info] > git rev-parse --show-toplevel [3ms]
2025-10-02 13:51:10.025 [info] > git rev-parse --show-toplevel [0ms]
2025-10-02 13:51:10.026 [info] [Model][doInitialScan] Initial repository scan completed - repositories (1), closed repositories (0), parent repositories (0), unsafe repositories (0)
2025-10-02 13:51:10.146 [info] > git show --textconv :inbox/2025-10-02.md [3ms]
2025-10-02 13:51:10.146 [info] > git ls-files --stage -- inbox/2025-10-02.md [0ms]
2025-10-02 13:51:10.149 [info] > git cat-file -s 4be79383cb9e1632d9b227ddc467db17a66720a1 [1ms]
2025-10-02 13:51:10.184 [info] > git blame --root --incremental 89265d50b54c5673220c9e15137380b45aec5a6f -- inbox/2025-10-02.md [3ms]
2025-10-02 13:51:10.380 [info] > git check-ignore -v -z --stdin [2ms]
2025-10-02 13:51:27.515 [info] > git show --textconv :inbox/2025-10-01.md [8ms]
2025-10-02 13:51:27.519 [info] > git ls-files --stage -- inbox/2025-10-01.md [5ms]
2025-10-02 13:51:27.533 [info] > git cat-file -s 29f99a15bc50cb15f1686b02b2fc7356417a8427 [3ms]
2025-10-02 13:51:27.572 [info] > git blame --root --incremental 89265d50b54c5673220c9e15137380b45aec5a6f -- inbox/2025-10-01.md [5ms]
2025-10-02 13:51:28.281 [info] > git show --textconv :inbox/2025-10-08.md [6ms]
2025-10-02 13:51:28.282 [info] > git ls-files --stage -- inbox/2025-10-08.md [2ms]
2025-10-02 13:51:28.288 [info] > git cat-file -s 5259f5815915cf4a5406b68ff7c5ecdce6bf02f5 [2ms]
2025-10-02 13:51:28.306 [info] > git blame --root --incremental 89265d50b54c5673220c9e15137380b45aec5a6f -- inbox/2025-10-08.md [3ms]
2025-10-02 13:51:30.770 [info] > git show --textconv :inbox/2025-10-02.md [6ms]
2025-10-02 13:51:30.771 [info] > git ls-files --stage -- inbox/2025-10-02.md [2ms]
2025-10-02 13:51:30.778 [info] > git cat-file -s 4be79383cb9e1632d9b227ddc467db17a66720a1 [2ms]
