2025-10-02 13:47:15.008 [info] [main] Log level: Info
2025-10-02 13:47:15.008 [info] [main] Validating found git in: "git"
2025-10-02 13:47:15.008 [info] [main] Using git "2.51.0" from "git"
2025-10-02 13:47:15.008 [info] [Model][doInitialScan] Initial repository scan started
2025-10-02 13:47:15.008 [info] > git rev-parse --show-toplevel [3ms]
2025-10-02 13:47:15.009 [info] > git rev-parse --git-dir --git-common-dir --show-superproject-working-tree [1ms]
2025-10-02 13:47:15.016 [info] [Model][openRepository] Opened repository (path): /home/michael/braindump
2025-10-02 13:47:15.016 [info] [Model][openRepository] Opened repository (real path): /home/michael/braindump
2025-10-02 13:47:15.016 [info] [Model][openRepository] Opened repository (kind): repository
2025-10-02 13:47:15.022 [info] > git rev-parse --show-toplevel [1ms]
2025-10-02 13:47:15.022 [info] > git config --get commit.template [3ms]
2025-10-02 13:47:15.044 [info] > git for-each-ref --format=%(refname)%00%(upstream:short)%00%(objectname)%00%(upstream:track)%00%(upstream:remotename)%00%(upstream:remoteref) refs/heads/main refs/remotes/main [16ms]
2025-10-02 13:47:15.044 [info] > git rev-parse --show-toplevel [19ms]
2025-10-02 13:47:15.058 [info] > git rev-parse --show-toplevel [4ms]
2025-10-02 13:47:15.069 [info] > git status -z -uall [4ms]
2025-10-02 13:47:15.070 [info] > git rev-parse --show-toplevel [8ms]
2025-10-02 13:47:15.080 [info] > git for-each-ref --sort -committerdate --format %(refname)%00%(objectname)%00%(*objectname) [12ms]
2025-10-02 13:47:15.117 [info] > git for-each-ref --format=%(refname)%00%(upstream:short)%00%(objectname)%00%(upstream:track)%00%(upstream:remotename)%00%(upstream:remoteref) refs/heads/main refs/remotes/main [6ms]
2025-10-02 13:47:15.120 [info] > git rev-parse --show-toplevel [47ms]
2025-10-02 13:47:15.126 [info] > git config --get --local branch.main.vscode-merge-base [5ms]
2025-10-02 13:47:15.126 [warning] [Git][config] git config failed: Failed to execute git
2025-10-02 13:47:15.130 [info] > git config --get commit.template [14ms]
2025-10-02 13:47:15.132 [info] > git rev-parse --show-toplevel [8ms]
2025-10-02 13:47:15.137 [info] > git reflog main --grep-reflog=branch: Created from *. [7ms]
2025-10-02 13:47:15.140 [info] > git rev-parse --show-toplevel [3ms]
2025-10-02 13:47:15.141 [info] > git for-each-ref --format=%(refname)%00%(upstream:short)%00%(objectname)%00%(upstream:track)%00%(upstream:remotename)%00%(upstream:remoteref) refs/heads/main refs/remotes/main [6ms]
2025-10-02 13:47:15.144 [info] > git symbolic-ref --short refs/remotes/origin/HEAD [4ms]
2025-10-02 13:47:15.147 [info] > git rev-parse --show-toplevel [4ms]
2025-10-02 13:47:15.166 [info] > git for-each-ref --format=%(refname)%00%(upstream:short)%00%(objectname)%00%(upstream:track)%00%(upstream:remotename)%00%(upstream:remoteref) refs/heads/origin/main refs/remotes/origin/main [20ms]
2025-10-02 13:47:15.173 [info] > git status -z -uall [2ms]
2025-10-02 13:47:15.173 [info] > git config --add --local branch.main.vscode-merge-base origin/main [5ms]
2025-10-02 13:47:15.174 [info] > git for-each-ref --sort -committerdate --format %(refname)%00%(objectname)%00%(*objectname) [1ms] (cancelled)
2025-10-02 13:47:15.174 [info] > git rev-parse --show-toplevel [9ms]
2025-10-02 13:47:15.175 [info] [Model][doInitialScan] Initial repository scan completed - repositories (1), closed repositories (0), parent repositories (0), unsafe repositories (0)
2025-10-02 13:47:15.178 [info] > git config --get commit.template [1ms]
2025-10-02 13:47:15.181 [info] > git for-each-ref --format=%(refname)%00%(upstream:short)%00%(objectname)%00%(upstream:track)%00%(upstream:remotename)%00%(upstream:remoteref) refs/heads/main refs/remotes/main [1ms]
2025-10-02 13:47:15.186 [info] > git status -z -uall [2ms]
2025-10-02 13:47:15.187 [info] > git for-each-ref --sort -committerdate --format %(refname)%00%(objectname)%00%(*objectname) [1ms]
2025-10-02 13:47:15.193 [info] > git merge-base refs/heads/main refs/remotes/origin/main [3ms]
2025-10-02 13:47:15.196 [info] > git merge-base refs/heads/main refs/remotes/origin/main [3ms]
2025-10-02 13:47:15.198 [info] > git diff --name-status -z --diff-filter=ADMR 1ec5c1a4dc7d850e88ac217199f46ba9d43eaf24...refs/remotes/origin/main [2ms]
2025-10-02 13:47:15.199 [info] > git diff --name-status -z --diff-filter=ADMR 1ec5c1a4dc7d850e88ac217199f46ba9d43eaf24...refs/remotes/origin/main [1ms]
2025-10-02 13:47:15.553 [info] > git check-ignore -v -z --stdin [1ms]
2025-10-02 13:47:16.261 [info] > git config --get commit.template [5ms]
2025-10-02 13:47:16.262 [info] > git for-each-ref --format=%(refname)%00%(upstream:short)%00%(objectname)%00%(upstream:track)%00%(upstream:remotename)%00%(upstream:remoteref) refs/heads/main refs/remotes/main [2ms]
2025-10-02 13:47:16.269 [info] > git status -z -uall [4ms]
2025-10-02 13:47:16.271 [info] > git for-each-ref --sort -committerdate --format %(refname)%00%(objectname)%00%(*objectname) [2ms]
2025-10-02 13:47:20.055 [info] > git check-ignore -v -z --stdin [1ms]
2025-10-02 13:47:21.023 [info] > git show --textconv :inbox/2025-09-29.md [4ms]
2025-10-02 13:47:21.037 [info] > git ls-files --stage -- inbox/2025-09-29.md [15ms]
2025-10-02 13:47:21.047 [info] > git cat-file -s 43284df0eb802fe3ed98d8fc8cd928c8d2ca6399 [7ms]
2025-10-02 13:48:13.455 [info] > git show --textconv :inbox/2025-10-01.md [5ms]
2025-10-02 13:48:13.455 [info] > git ls-files --stage -- inbox/2025-10-01.md [1ms]
2025-10-02 13:48:13.462 [info] > git cat-file -s 29f99a15bc50cb15f1686b02b2fc7356417a8427 [2ms]
2025-10-02 13:48:19.812 [info] > git blame --root --incremental 1ec5c1a4dc7d850e88ac217199f46ba9d43eaf24 -- inbox/2025-10-01.md [3ms]
2025-10-02 13:48:26.290 [info] > git show --textconv :inbox/2025-10-02.md [5ms]
2025-10-02 13:48:26.291 [info] > git ls-files --stage -- inbox/2025-10-02.md [2ms]
2025-10-02 13:48:26.298 [info] > git cat-file -s 5a4e7e2f0ff3d4972a4094ddcdea38a397789e6f [2ms]
2025-10-02 13:48:27.459 [info] > git show --textconv :inbox/2025-10-08.md [6ms]
2025-10-02 13:48:27.460 [info] > git ls-files --stage -- inbox/2025-10-08.md [2ms]
2025-10-02 13:48:27.467 [info] > git cat-file -s 5a95e93989877cc396e1e11c7a61881935a00dce [2ms]
2025-10-02 13:48:30.757 [info] > git show --textconv :inbox/2025-10-02.md [6ms]
2025-10-02 13:48:30.758 [info] > git ls-files --stage -- inbox/2025-10-02.md [2ms]
2025-10-02 13:48:30.765 [info] > git cat-file -s 5a4e7e2f0ff3d4972a4094ddcdea38a397789e6f [2ms]
2025-10-02 13:48:34.019 [info] > git check-ignore -v -z --stdin [2ms]
2025-10-02 13:48:38.463 [info] > git show --textconv :apps/ccq-unique.md [6ms]
2025-10-02 13:48:38.468 [info] > git ls-files --stage -- apps/ccq-unique.md [6ms]
2025-10-02 13:48:38.473 [info] > git hash-object -t tree /dev/null [6ms]
2025-10-02 13:48:38.473 [warning] [GitFileSystemProvider][readFile] File not found - git:/home/michael/braindump/apps/ccq-unique.md.git?%7B%22path%22%3A%22%2Fhome%2Fmichael%2Fbraindump%2Fapps%2Fccq-unique.md%22%2C%22ref%22%3A%22%22%7D
2025-10-02 13:48:38.476 [info] > git hash-object -t tree /dev/null [4ms]
2025-10-02 13:48:38.476 [warning] [GitFileSystemProvider][stat] File not found - git:/home/michael/braindump/apps/ccq-unique.md.git?%7B%22path%22%3A%22%2Fhome%2Fmichael%2Fbraindump%2Fapps%2Fccq-unique.md%22%2C%22ref%22%3A%22%22%7D
2025-10-02 13:48:38.748 [info] > git check-ignore -v -z --stdin [2ms]
2025-10-02 13:48:39.288 [info] > git config --get commit.template [6ms]
2025-10-02 13:48:39.289 [info] > git for-each-ref --format=%(refname)%00%(upstream:short)%00%(objectname)%00%(upstream:track)%00%(upstream:remotename)%00%(upstream:remoteref) refs/heads/main refs/remotes/main [2ms]
2025-10-02 13:48:39.301 [info] > git status -z -uall [7ms]
2025-10-02 13:48:39.302 [info] > git for-each-ref --sort -committerdate --format %(refname)%00%(objectname)%00%(*objectname) [3ms]
2025-10-02 13:48:39.795 [info] > git show --textconv :inbox/2025-10-08.md [6ms]
2025-10-02 13:48:39.796 [info] > git ls-files --stage -- inbox/2025-10-08.md [2ms]
2025-10-02 13:48:39.803 [info] > git cat-file -s 5a95e93989877cc396e1e11c7a61881935a00dce [2ms]
2025-10-02 13:48:40.733 [info] > git blame --root --incremental 1ec5c1a4dc7d850e88ac217199f46ba9d43eaf24 -- inbox/2025-10-08.md [3ms]
2025-10-02 13:48:47.789 [info] > git config --get commit.template [6ms]
2025-10-02 13:48:47.789 [info] > git for-each-ref --format=%(refname)%00%(upstream:short)%00%(objectname)%00%(upstream:track)%00%(upstream:remotename)%00%(upstream:remoteref) refs/heads/main refs/remotes/main [1ms]
2025-10-02 13:48:47.800 [info] > git status -z -uall [6ms]
2025-10-02 13:48:47.801 [info] > git for-each-ref --sort -committerdate --format %(refname)%00%(objectname)%00%(*objectname) [2ms]
2025-10-02 13:48:51.190 [info] > git show --textconv :inbox/2025-10-02.md [6ms]
2025-10-02 13:48:51.192 [info] > git ls-files --stage -- inbox/2025-10-02.md [3ms]
2025-10-02 13:48:51.198 [info] > git cat-file -s 5a4e7e2f0ff3d4972a4094ddcdea38a397789e6f [2ms]
2025-10-02 13:48:54.914 [info] > git blame --root --incremental 1ec5c1a4dc7d850e88ac217199f46ba9d43eaf24 -- inbox/2025-10-02.md [3ms]
2025-10-02 13:49:05.193 [info] > git config --get commit.template [6ms]
2025-10-02 13:49:05.194 [info] > git for-each-ref --format=%(refname)%00%(upstream:short)%00%(objectname)%00%(upstream:track)%00%(upstream:remotename)%00%(upstream:remoteref) refs/heads/main refs/remotes/main [2ms]
2025-10-02 13:49:05.204 [info] > git status -z -uall [5ms]
2025-10-02 13:49:05.205 [info] > git for-each-ref --sort -committerdate --format %(refname)%00%(objectname)%00%(*objectname) [2ms]
2025-10-02 13:49:13.992 [info] > git config --get commit.template [7ms]
2025-10-02 13:49:13.993 [info] > git for-each-ref --format=%(refname)%00%(upstream:short)%00%(objectname)%00%(upstream:track)%00%(upstream:remotename)%00%(upstream:remoteref) refs/heads/main refs/remotes/main [2ms]
2025-10-02 13:49:14.005 [info] > git status -z -uall [6ms]
2025-10-02 13:49:14.006 [info] > git for-each-ref --sort -committerdate --format %(refname)%00%(objectname)%00%(*objectname) [2ms]
2025-10-02 13:49:31.668 [info] > git show --textconv :apps/qool-qld.md [5ms]
2025-10-02 13:49:31.669 [info] > git ls-files --stage -- apps/qool-qld.md [1ms]
2025-10-02 13:49:31.675 [info] > git cat-file -s fbca34f2802c0e5f5a4e436c3570e4c9dcb227d5 [2ms]
2025-10-02 13:49:38.888 [info] > git config --get commit.template [2ms]
2025-10-02 13:49:38.896 [info] > git for-each-ref --format=%(refname)%00%(upstream:short)%00%(objectname)%00%(upstream:track)%00%(upstream:remotename)%00%(upstream:remoteref) refs/heads/main refs/remotes/main [2ms]
2025-10-02 13:49:38.906 [info] > git status -z -uall [5ms]
2025-10-02 13:49:38.908 [info] > git for-each-ref --sort -committerdate --format %(refname)%00%(objectname)%00%(*objectname) [2ms]
2025-10-02 13:49:55.077 [info] > git config --get commit.template [2ms]
2025-10-02 13:49:55.084 [info] > git for-each-ref --format=%(refname)%00%(upstream:short)%00%(objectname)%00%(upstream:track)%00%(upstream:remotename)%00%(upstream:remoteref) refs/heads/main refs/remotes/main [3ms]
2025-10-02 13:49:55.098 [info] > git status -z -uall [7ms]
2025-10-02 13:49:55.100 [info] > git for-each-ref --sort -committerdate --format %(refname)%00%(objectname)%00%(*objectname) [5ms]
