2025-10-02 13:47:13.007 [info] Extension host with pid 30924 started
2025-10-02 13:47:13.007 [info] Skipping acquiring lock for /home/michael/.config/Code - OSS/User/workspaceStorage/d6a249e29a64c98beaa1a026cefdcacd.
2025-10-02 13:47:13.063 [info] ExtensionService#_doActivateExtension vscode.git-base, startup: true, activationEvent: '*'
2025-10-02 13:47:13.074 [info] ExtensionService#_doActivateExtension vscode.github, startup: true, activationEvent: '*'
2025-10-02 13:47:13.115 [info] Eager extensions activated
2025-10-02 13:47:13.116 [info] ExtensionService#_doActivateExtension vscode.debug-auto-launch, startup: false, activationEvent: 'onStartupFinished'
2025-10-02 13:47:13.117 [info] ExtensionService#_doActivateExtension vscode.merge-conflict, startup: false, activationEvent: 'onStartupFinished'
2025-10-02 13:47:14.941 [info] ExtensionService#_doActivateExtension vscode.git, startup: false, activationEvent: 'api', root cause: vscode.github
2025-10-02 13:47:15.028 [info] ExtensionService#_doActivateExtension vscode.emmet, startup: false, activationEvent: 'onLanguage'
2025-10-02 13:47:15.147 [info] ExtensionService#_doActivateExtension vscode.github-authentication, startup: false, activationEvent: 'onAuthenticationRequest:github'
2025-10-02 13:47:20.663 [info] ExtensionService#_doActivateExtension vscode.extension-editing, startup: false, activationEvent: 'onLanguage:markdown'
2025-10-02 13:47:20.675 [info] ExtensionService#_doActivateExtension vscode.markdown-language-features, startup: false, activationEvent: 'onLanguage:markdown'
2025-10-02 13:47:20.953 [info] ExtensionService#_doActivateExtension vscode.markdown-math, startup: false, activationEvent: 'api', root cause: vscode.markdown-language-features
2025-10-02 13:47:20.959 [info] ExtensionService#_doActivateExtension foam.foam-vscode, startup: false, activationEvent: 'api', root cause: vscode.markdown-language-features
2025-10-02 13:48:21.791 [error] ExtensionError: Error in extension foam.foam-vscode: FAILED to handle event
	at od.value (file:///usr/lib/code/out/vs/workbench/api/node/extensionHostProcess.js:199:101685)
	at $.C (file:///usr/lib/code/out/vs/workbench/api/node/extensionHostProcess.js:27:2373)
	at $.D (file:///usr/lib/code/out/vs/workbench/api/node/extensionHostProcess.js:27:2443)
	at $.fire (file:///usr/lib/code/out/vs/workbench/api/node/extensionHostProcess.js:27:2660)
	at od.value (file:///usr/lib/code/out/vs/workbench/api/node/extensionHostProcess.js:199:62852)
	at $.C (file:///usr/lib/code/out/vs/workbench/api/node/extensionHostProcess.js:27:2373)
	at $.fire (file:///usr/lib/code/out/vs/workbench/api/node/extensionHostProcess.js:27:2591)
	at Fy.acceptDocumentsAndEditorsDelta (file:///usr/lib/code/out/vs/workbench/api/node/extensionHostProcess.js:120:11966)
	at Fy.$acceptDocumentsAndEditorsDelta (file:///usr/lib/code/out/vs/workbench/api/node/extensionHostProcess.js:120:10425)
	at j4.S (file:///usr/lib/code/out/vs/workbench/api/node/extensionHostProcess.js:29:120180)
	at j4.Q (file:///usr/lib/code/out/vs/workbench/api/node/extensionHostProcess.js:29:119960)
	at j4.M (file:///usr/lib/code/out/vs/workbench/api/node/extensionHostProcess.js:29:119049)
	at j4.L (file:///usr/lib/code/out/vs/workbench/api/node/extensionHostProcess.js:29:118154)
	at od.value (file:///usr/lib/code/out/vs/workbench/api/node/extensionHostProcess.js:29:116951)
	at $.C (file:///usr/lib/code/out/vs/workbench/api/node/extensionHostProcess.js:27:2373)
	at $.fire (file:///usr/lib/code/out/vs/workbench/api/node/extensionHostProcess.js:27:2591)
	at vo.fire (file:///usr/lib/code/out/vs/workbench/api/node/extensionHostProcess.js:29:9458)
	at od.value (file:///usr/lib/code/out/vs/workbench/api/node/extensionHostProcess.js:391:8617)
	at $.C (file:///usr/lib/code/out/vs/workbench/api/node/extensionHostProcess.js:27:2373)
	at $.fire (file:///usr/lib/code/out/vs/workbench/api/node/extensionHostProcess.js:27:2591)
	at vo.fire (file:///usr/lib/code/out/vs/workbench/api/node/extensionHostProcess.js:29:9458)
	at MessagePortMain.<anonymous> (file:///usr/lib/code/out/vs/workbench/api/node/extensionHostProcess.js:391:6909)
	at MessagePortMain.emit (node:events:519:28)
	at MessagePortMain._internalPort.emit (node:electron/js2c/utility_init:2:2949)
2025-10-02 13:48:26.055 [error] ExtensionError: Error in extension foam.foam-vscode: FAILED to handle event
	at od.value (file:///usr/lib/code/out/vs/workbench/api/node/extensionHostProcess.js:199:101685)
	at $.C (file:///usr/lib/code/out/vs/workbench/api/node/extensionHostProcess.js:27:2373)
	at $.D (file:///usr/lib/code/out/vs/workbench/api/node/extensionHostProcess.js:27:2443)
	at $.fire (file:///usr/lib/code/out/vs/workbench/api/node/extensionHostProcess.js:27:2660)
	at od.value (file:///usr/lib/code/out/vs/workbench/api/node/extensionHostProcess.js:199:62852)
	at $.C (file:///usr/lib/code/out/vs/workbench/api/node/extensionHostProcess.js:27:2373)
	at $.fire (file:///usr/lib/code/out/vs/workbench/api/node/extensionHostProcess.js:27:2591)
	at Fy.acceptDocumentsAndEditorsDelta (file:///usr/lib/code/out/vs/workbench/api/node/extensionHostProcess.js:120:11966)
	at Fy.$acceptDocumentsAndEditorsDelta (file:///usr/lib/code/out/vs/workbench/api/node/extensionHostProcess.js:120:10425)
	at j4.S (file:///usr/lib/code/out/vs/workbench/api/node/extensionHostProcess.js:29:120180)
	at j4.Q (file:///usr/lib/code/out/vs/workbench/api/node/extensionHostProcess.js:29:119960)
	at j4.M (file:///usr/lib/code/out/vs/workbench/api/node/extensionHostProcess.js:29:119049)
	at j4.L (file:///usr/lib/code/out/vs/workbench/api/node/extensionHostProcess.js:29:118154)
	at od.value (file:///usr/lib/code/out/vs/workbench/api/node/extensionHostProcess.js:29:116951)
	at $.C (file:///usr/lib/code/out/vs/workbench/api/node/extensionHostProcess.js:27:2373)
	at $.fire (file:///usr/lib/code/out/vs/workbench/api/node/extensionHostProcess.js:27:2591)
	at vo.fire (file:///usr/lib/code/out/vs/workbench/api/node/extensionHostProcess.js:29:9458)
	at od.value (file:///usr/lib/code/out/vs/workbench/api/node/extensionHostProcess.js:391:8617)
	at $.C (file:///usr/lib/code/out/vs/workbench/api/node/extensionHostProcess.js:27:2373)
	at $.fire (file:///usr/lib/code/out/vs/workbench/api/node/extensionHostProcess.js:27:2591)
	at vo.fire (file:///usr/lib/code/out/vs/workbench/api/node/extensionHostProcess.js:29:9458)
	at MessagePortMain.<anonymous> (file:///usr/lib/code/out/vs/workbench/api/node/extensionHostProcess.js:391:6909)
	at MessagePortMain.emit (node:events:519:28)
	at MessagePortMain._internalPort.emit (node:electron/js2c/utility_init:2:2949)
2025-10-02 13:48:27.219 [error] ExtensionError: Error in extension foam.foam-vscode: FAILED to handle event
	at od.value (file:///usr/lib/code/out/vs/workbench/api/node/extensionHostProcess.js:199:101685)
	at $.C (file:///usr/lib/code/out/vs/workbench/api/node/extensionHostProcess.js:27:2373)
	at $.D (file:///usr/lib/code/out/vs/workbench/api/node/extensionHostProcess.js:27:2443)
	at $.fire (file:///usr/lib/code/out/vs/workbench/api/node/extensionHostProcess.js:27:2660)
	at od.value (file:///usr/lib/code/out/vs/workbench/api/node/extensionHostProcess.js:199:62852)
	at $.C (file:///usr/lib/code/out/vs/workbench/api/node/extensionHostProcess.js:27:2373)
	at $.fire (file:///usr/lib/code/out/vs/workbench/api/node/extensionHostProcess.js:27:2591)
	at Fy.acceptDocumentsAndEditorsDelta (file:///usr/lib/code/out/vs/workbench/api/node/extensionHostProcess.js:120:11966)
	at Fy.$acceptDocumentsAndEditorsDelta (file:///usr/lib/code/out/vs/workbench/api/node/extensionHostProcess.js:120:10425)
	at j4.S (file:///usr/lib/code/out/vs/workbench/api/node/extensionHostProcess.js:29:120180)
	at j4.Q (file:///usr/lib/code/out/vs/workbench/api/node/extensionHostProcess.js:29:119960)
	at j4.M (file:///usr/lib/code/out/vs/workbench/api/node/extensionHostProcess.js:29:119049)
	at j4.L (file:///usr/lib/code/out/vs/workbench/api/node/extensionHostProcess.js:29:118154)
	at od.value (file:///usr/lib/code/out/vs/workbench/api/node/extensionHostProcess.js:29:116951)
	at $.C (file:///usr/lib/code/out/vs/workbench/api/node/extensionHostProcess.js:27:2373)
	at $.fire (file:///usr/lib/code/out/vs/workbench/api/node/extensionHostProcess.js:27:2591)
	at vo.fire (file:///usr/lib/code/out/vs/workbench/api/node/extensionHostProcess.js:29:9458)
	at od.value (file:///usr/lib/code/out/vs/workbench/api/node/extensionHostProcess.js:391:8617)
	at $.C (file:///usr/lib/code/out/vs/workbench/api/node/extensionHostProcess.js:27:2373)
	at $.fire (file:///usr/lib/code/out/vs/workbench/api/node/extensionHostProcess.js:27:2591)
	at vo.fire (file:///usr/lib/code/out/vs/workbench/api/node/extensionHostProcess.js:29:9458)
	at MessagePortMain.<anonymous> (file:///usr/lib/code/out/vs/workbench/api/node/extensionHostProcess.js:391:6909)
	at MessagePortMain.emit (node:events:519:28)
	at MessagePortMain._internalPort.emit (node:electron/js2c/utility_init:2:2949)
2025-10-02 13:48:30.523 [error] ExtensionError: Error in extension foam.foam-vscode: FAILED to handle event
	at od.value (file:///usr/lib/code/out/vs/workbench/api/node/extensionHostProcess.js:199:101685)
	at $.C (file:///usr/lib/code/out/vs/workbench/api/node/extensionHostProcess.js:27:2373)
	at $.D (file:///usr/lib/code/out/vs/workbench/api/node/extensionHostProcess.js:27:2443)
	at $.fire (file:///usr/lib/code/out/vs/workbench/api/node/extensionHostProcess.js:27:2660)
	at od.value (file:///usr/lib/code/out/vs/workbench/api/node/extensionHostProcess.js:199:62852)
	at $.C (file:///usr/lib/code/out/vs/workbench/api/node/extensionHostProcess.js:27:2373)
	at $.fire (file:///usr/lib/code/out/vs/workbench/api/node/extensionHostProcess.js:27:2591)
	at Fy.acceptDocumentsAndEditorsDelta (file:///usr/lib/code/out/vs/workbench/api/node/extensionHostProcess.js:120:11966)
	at Fy.$acceptDocumentsAndEditorsDelta (file:///usr/lib/code/out/vs/workbench/api/node/extensionHostProcess.js:120:10425)
	at j4.S (file:///usr/lib/code/out/vs/workbench/api/node/extensionHostProcess.js:29:120180)
	at j4.Q (file:///usr/lib/code/out/vs/workbench/api/node/extensionHostProcess.js:29:119960)
	at j4.M (file:///usr/lib/code/out/vs/workbench/api/node/extensionHostProcess.js:29:119049)
	at j4.L (file:///usr/lib/code/out/vs/workbench/api/node/extensionHostProcess.js:29:118154)
	at od.value (file:///usr/lib/code/out/vs/workbench/api/node/extensionHostProcess.js:29:116951)
	at $.C (file:///usr/lib/code/out/vs/workbench/api/node/extensionHostProcess.js:27:2373)
	at $.fire (file:///usr/lib/code/out/vs/workbench/api/node/extensionHostProcess.js:27:2591)
	at vo.fire (file:///usr/lib/code/out/vs/workbench/api/node/extensionHostProcess.js:29:9458)
	at od.value (file:///usr/lib/code/out/vs/workbench/api/node/extensionHostProcess.js:391:8617)
	at $.C (file:///usr/lib/code/out/vs/workbench/api/node/extensionHostProcess.js:27:2373)
	at $.fire (file:///usr/lib/code/out/vs/workbench/api/node/extensionHostProcess.js:27:2591)
	at vo.fire (file:///usr/lib/code/out/vs/workbench/api/node/extensionHostProcess.js:29:9458)
	at MessagePortMain.<anonymous> (file:///usr/lib/code/out/vs/workbench/api/node/extensionHostProcess.js:391:6909)
	at MessagePortMain.emit (node:events:519:28)
	at MessagePortMain._internalPort.emit (node:electron/js2c/utility_init:2:2949)
2025-10-02 13:48:38.224 [error] ExtensionError: Error in extension foam.foam-vscode: FAILED to handle event
	at od.value (file:///usr/lib/code/out/vs/workbench/api/node/extensionHostProcess.js:199:101685)
	at $.C (file:///usr/lib/code/out/vs/workbench/api/node/extensionHostProcess.js:27:2373)
	at $.D (file:///usr/lib/code/out/vs/workbench/api/node/extensionHostProcess.js:27:2443)
	at $.fire (file:///usr/lib/code/out/vs/workbench/api/node/extensionHostProcess.js:27:2660)
	at od.value (file:///usr/lib/code/out/vs/workbench/api/node/extensionHostProcess.js:199:62852)
	at $.C (file:///usr/lib/code/out/vs/workbench/api/node/extensionHostProcess.js:27:2373)
	at $.fire (file:///usr/lib/code/out/vs/workbench/api/node/extensionHostProcess.js:27:2591)
	at Fy.acceptDocumentsAndEditorsDelta (file:///usr/lib/code/out/vs/workbench/api/node/extensionHostProcess.js:120:11966)
	at Fy.$acceptDocumentsAndEditorsDelta (file:///usr/lib/code/out/vs/workbench/api/node/extensionHostProcess.js:120:10425)
	at j4.S (file:///usr/lib/code/out/vs/workbench/api/node/extensionHostProcess.js:29:120180)
	at j4.Q (file:///usr/lib/code/out/vs/workbench/api/node/extensionHostProcess.js:29:119960)
	at j4.M (file:///usr/lib/code/out/vs/workbench/api/node/extensionHostProcess.js:29:119049)
	at j4.L (file:///usr/lib/code/out/vs/workbench/api/node/extensionHostProcess.js:29:118154)
	at od.value (file:///usr/lib/code/out/vs/workbench/api/node/extensionHostProcess.js:29:116951)
	at $.C (file:///usr/lib/code/out/vs/workbench/api/node/extensionHostProcess.js:27:2373)
	at $.fire (file:///usr/lib/code/out/vs/workbench/api/node/extensionHostProcess.js:27:2591)
	at vo.fire (file:///usr/lib/code/out/vs/workbench/api/node/extensionHostProcess.js:29:9458)
	at od.value (file:///usr/lib/code/out/vs/workbench/api/node/extensionHostProcess.js:391:8617)
	at $.C (file:///usr/lib/code/out/vs/workbench/api/node/extensionHostProcess.js:27:2373)
	at $.fire (file:///usr/lib/code/out/vs/workbench/api/node/extensionHostProcess.js:27:2591)
	at vo.fire (file:///usr/lib/code/out/vs/workbench/api/node/extensionHostProcess.js:29:9458)
	at MessagePortMain.<anonymous> (file:///usr/lib/code/out/vs/workbench/api/node/extensionHostProcess.js:391:6909)
	at MessagePortMain.emit (node:events:519:28)
	at MessagePortMain._internalPort.emit (node:electron/js2c/utility_init:2:2949)
2025-10-02 13:48:38.251 [error] ExtensionError: Error in extension foam.foam-vscode: FAILED to handle event
	at od.value (file:///usr/lib/code/out/vs/workbench/api/node/extensionHostProcess.js:199:101685)
	at $.C (file:///usr/lib/code/out/vs/workbench/api/node/extensionHostProcess.js:27:2373)
	at $.D (file:///usr/lib/code/out/vs/workbench/api/node/extensionHostProcess.js:27:2443)
	at $.fire (file:///usr/lib/code/out/vs/workbench/api/node/extensionHostProcess.js:27:2660)
	at od.value (file:///usr/lib/code/out/vs/workbench/api/node/extensionHostProcess.js:199:62852)
	at $.C (file:///usr/lib/code/out/vs/workbench/api/node/extensionHostProcess.js:27:2373)
	at $.fire (file:///usr/lib/code/out/vs/workbench/api/node/extensionHostProcess.js:27:2591)
	at Fy.acceptDocumentsAndEditorsDelta (file:///usr/lib/code/out/vs/workbench/api/node/extensionHostProcess.js:120:11966)
	at Fy.$acceptDocumentsAndEditorsDelta (file:///usr/lib/code/out/vs/workbench/api/node/extensionHostProcess.js:120:10425)
	at j4.S (file:///usr/lib/code/out/vs/workbench/api/node/extensionHostProcess.js:29:120180)
	at j4.Q (file:///usr/lib/code/out/vs/workbench/api/node/extensionHostProcess.js:29:119960)
	at j4.M (file:///usr/lib/code/out/vs/workbench/api/node/extensionHostProcess.js:29:119049)
	at j4.L (file:///usr/lib/code/out/vs/workbench/api/node/extensionHostProcess.js:29:118154)
	at od.value (file:///usr/lib/code/out/vs/workbench/api/node/extensionHostProcess.js:29:116951)
	at $.C (file:///usr/lib/code/out/vs/workbench/api/node/extensionHostProcess.js:27:2373)
	at $.fire (file:///usr/lib/code/out/vs/workbench/api/node/extensionHostProcess.js:27:2591)
	at vo.fire (file:///usr/lib/code/out/vs/workbench/api/node/extensionHostProcess.js:29:9458)
	at od.value (file:///usr/lib/code/out/vs/workbench/api/node/extensionHostProcess.js:391:8617)
	at $.C (file:///usr/lib/code/out/vs/workbench/api/node/extensionHostProcess.js:27:2373)
	at $.fire (file:///usr/lib/code/out/vs/workbench/api/node/extensionHostProcess.js:27:2591)
	at vo.fire (file:///usr/lib/code/out/vs/workbench/api/node/extensionHostProcess.js:29:9458)
	at MessagePortMain.<anonymous> (file:///usr/lib/code/out/vs/workbench/api/node/extensionHostProcess.js:391:6909)
	at MessagePortMain.emit (node:events:519:28)
	at MessagePortMain._internalPort.emit (node:electron/js2c/utility_init:2:2949)
2025-10-02 13:48:39.556 [error] ExtensionError: Error in extension foam.foam-vscode: FAILED to handle event
	at od.value (file:///usr/lib/code/out/vs/workbench/api/node/extensionHostProcess.js:199:101685)
	at $.C (file:///usr/lib/code/out/vs/workbench/api/node/extensionHostProcess.js:27:2373)
	at $.D (file:///usr/lib/code/out/vs/workbench/api/node/extensionHostProcess.js:27:2443)
	at $.fire (file:///usr/lib/code/out/vs/workbench/api/node/extensionHostProcess.js:27:2660)
	at od.value (file:///usr/lib/code/out/vs/workbench/api/node/extensionHostProcess.js:199:62852)
	at $.C (file:///usr/lib/code/out/vs/workbench/api/node/extensionHostProcess.js:27:2373)
	at $.fire (file:///usr/lib/code/out/vs/workbench/api/node/extensionHostProcess.js:27:2591)
	at Fy.acceptDocumentsAndEditorsDelta (file:///usr/lib/code/out/vs/workbench/api/node/extensionHostProcess.js:120:11966)
	at Fy.$acceptDocumentsAndEditorsDelta (file:///usr/lib/code/out/vs/workbench/api/node/extensionHostProcess.js:120:10425)
	at j4.S (file:///usr/lib/code/out/vs/workbench/api/node/extensionHostProcess.js:29:120180)
	at j4.Q (file:///usr/lib/code/out/vs/workbench/api/node/extensionHostProcess.js:29:119960)
	at j4.M (file:///usr/lib/code/out/vs/workbench/api/node/extensionHostProcess.js:29:119049)
	at j4.L (file:///usr/lib/code/out/vs/workbench/api/node/extensionHostProcess.js:29:118154)
	at od.value (file:///usr/lib/code/out/vs/workbench/api/node/extensionHostProcess.js:29:116951)
	at $.C (file:///usr/lib/code/out/vs/workbench/api/node/extensionHostProcess.js:27:2373)
	at $.fire (file:///usr/lib/code/out/vs/workbench/api/node/extensionHostProcess.js:27:2591)
	at vo.fire (file:///usr/lib/code/out/vs/workbench/api/node/extensionHostProcess.js:29:9458)
	at od.value (file:///usr/lib/code/out/vs/workbench/api/node/extensionHostProcess.js:391:8617)
	at $.C (file:///usr/lib/code/out/vs/workbench/api/node/extensionHostProcess.js:27:2373)
	at $.fire (file:///usr/lib/code/out/vs/workbench/api/node/extensionHostProcess.js:27:2591)
	at vo.fire (file:///usr/lib/code/out/vs/workbench/api/node/extensionHostProcess.js:29:9458)
	at MessagePortMain.<anonymous> (file:///usr/lib/code/out/vs/workbench/api/node/extensionHostProcess.js:391:6909)
	at MessagePortMain.emit (node:events:519:28)
	at MessagePortMain._internalPort.emit (node:electron/js2c/utility_init:2:2949)
2025-10-02 13:48:50.947 [error] ExtensionError: Error in extension foam.foam-vscode: FAILED to handle event
	at od.value (file:///usr/lib/code/out/vs/workbench/api/node/extensionHostProcess.js:199:101685)
	at $.C (file:///usr/lib/code/out/vs/workbench/api/node/extensionHostProcess.js:27:2373)
	at $.D (file:///usr/lib/code/out/vs/workbench/api/node/extensionHostProcess.js:27:2443)
	at $.fire (file:///usr/lib/code/out/vs/workbench/api/node/extensionHostProcess.js:27:2660)
	at od.value (file:///usr/lib/code/out/vs/workbench/api/node/extensionHostProcess.js:199:62852)
	at $.C (file:///usr/lib/code/out/vs/workbench/api/node/extensionHostProcess.js:27:2373)
	at $.fire (file:///usr/lib/code/out/vs/workbench/api/node/extensionHostProcess.js:27:2591)
	at Fy.acceptDocumentsAndEditorsDelta (file:///usr/lib/code/out/vs/workbench/api/node/extensionHostProcess.js:120:11966)
	at Fy.$acceptDocumentsAndEditorsDelta (file:///usr/lib/code/out/vs/workbench/api/node/extensionHostProcess.js:120:10425)
	at j4.S (file:///usr/lib/code/out/vs/workbench/api/node/extensionHostProcess.js:29:120180)
	at j4.Q (file:///usr/lib/code/out/vs/workbench/api/node/extensionHostProcess.js:29:119960)
	at j4.M (file:///usr/lib/code/out/vs/workbench/api/node/extensionHostProcess.js:29:119049)
	at j4.L (file:///usr/lib/code/out/vs/workbench/api/node/extensionHostProcess.js:29:118154)
	at od.value (file:///usr/lib/code/out/vs/workbench/api/node/extensionHostProcess.js:29:116951)
	at $.C (file:///usr/lib/code/out/vs/workbench/api/node/extensionHostProcess.js:27:2373)
	at $.fire (file:///usr/lib/code/out/vs/workbench/api/node/extensionHostProcess.js:27:2591)
	at vo.fire (file:///usr/lib/code/out/vs/workbench/api/node/extensionHostProcess.js:29:9458)
	at od.value (file:///usr/lib/code/out/vs/workbench/api/node/extensionHostProcess.js:391:8617)
	at $.C (file:///usr/lib/code/out/vs/workbench/api/node/extensionHostProcess.js:27:2373)
	at $.fire (file:///usr/lib/code/out/vs/workbench/api/node/extensionHostProcess.js:27:2591)
	at vo.fire (file:///usr/lib/code/out/vs/workbench/api/node/extensionHostProcess.js:29:9458)
	at MessagePortMain.<anonymous> (file:///usr/lib/code/out/vs/workbench/api/node/extensionHostProcess.js:391:6909)
	at MessagePortMain.emit (node:events:519:28)
	at MessagePortMain._internalPort.emit (node:electron/js2c/utility_init:2:2949)
2025-10-02 13:49:14.379 [error] ExtensionError: Error in extension foam.foam-vscode: FAILED to handle event
	at od.value (file:///usr/lib/code/out/vs/workbench/api/node/extensionHostProcess.js:199:101685)
	at $.C (file:///usr/lib/code/out/vs/workbench/api/node/extensionHostProcess.js:27:2373)
	at $.D (file:///usr/lib/code/out/vs/workbench/api/node/extensionHostProcess.js:27:2443)
	at $.fire (file:///usr/lib/code/out/vs/workbench/api/node/extensionHostProcess.js:27:2660)
	at od.value (file:///usr/lib/code/out/vs/workbench/api/node/extensionHostProcess.js:199:62852)
	at $.C (file:///usr/lib/code/out/vs/workbench/api/node/extensionHostProcess.js:27:2373)
	at $.fire (file:///usr/lib/code/out/vs/workbench/api/node/extensionHostProcess.js:27:2591)
	at Fy.acceptDocumentsAndEditorsDelta (file:///usr/lib/code/out/vs/workbench/api/node/extensionHostProcess.js:120:11966)
	at Fy.$acceptDocumentsAndEditorsDelta (file:///usr/lib/code/out/vs/workbench/api/node/extensionHostProcess.js:120:10425)
	at j4.S (file:///usr/lib/code/out/vs/workbench/api/node/extensionHostProcess.js:29:120180)
	at j4.Q (file:///usr/lib/code/out/vs/workbench/api/node/extensionHostProcess.js:29:119960)
	at j4.M (file:///usr/lib/code/out/vs/workbench/api/node/extensionHostProcess.js:29:119049)
	at j4.L (file:///usr/lib/code/out/vs/workbench/api/node/extensionHostProcess.js:29:118154)
	at od.value (file:///usr/lib/code/out/vs/workbench/api/node/extensionHostProcess.js:29:116951)
	at $.C (file:///usr/lib/code/out/vs/workbench/api/node/extensionHostProcess.js:27:2373)
	at $.fire (file:///usr/lib/code/out/vs/workbench/api/node/extensionHostProcess.js:27:2591)
	at vo.fire (file:///usr/lib/code/out/vs/workbench/api/node/extensionHostProcess.js:29:9458)
	at od.value (file:///usr/lib/code/out/vs/workbench/api/node/extensionHostProcess.js:391:8617)
	at $.C (file:///usr/lib/code/out/vs/workbench/api/node/extensionHostProcess.js:27:2373)
	at $.fire (file:///usr/lib/code/out/vs/workbench/api/node/extensionHostProcess.js:27:2591)
	at vo.fire (file:///usr/lib/code/out/vs/workbench/api/node/extensionHostProcess.js:29:9458)
	at MessagePortMain.<anonymous> (file:///usr/lib/code/out/vs/workbench/api/node/extensionHostProcess.js:391:6909)
	at MessagePortMain.emit (node:events:519:28)
	at MessagePortMain._internalPort.emit (node:electron/js2c/utility_init:2:2949)
2025-10-02 13:49:26.138 [error] ExtensionError: Error in extension foam.foam-vscode: FAILED to handle event
	at od.value (file:///usr/lib/code/out/vs/workbench/api/node/extensionHostProcess.js:199:101685)
	at $.C (file:///usr/lib/code/out/vs/workbench/api/node/extensionHostProcess.js:27:2373)
	at $.D (file:///usr/lib/code/out/vs/workbench/api/node/extensionHostProcess.js:27:2443)
	at $.fire (file:///usr/lib/code/out/vs/workbench/api/node/extensionHostProcess.js:27:2660)
	at od.value (file:///usr/lib/code/out/vs/workbench/api/node/extensionHostProcess.js:199:62852)
	at $.C (file:///usr/lib/code/out/vs/workbench/api/node/extensionHostProcess.js:27:2373)
	at $.fire (file:///usr/lib/code/out/vs/workbench/api/node/extensionHostProcess.js:27:2591)
	at Fy.acceptDocumentsAndEditorsDelta (file:///usr/lib/code/out/vs/workbench/api/node/extensionHostProcess.js:120:11966)
	at Fy.$acceptDocumentsAndEditorsDelta (file:///usr/lib/code/out/vs/workbench/api/node/extensionHostProcess.js:120:10425)
	at j4.S (file:///usr/lib/code/out/vs/workbench/api/node/extensionHostProcess.js:29:120180)
	at j4.Q (file:///usr/lib/code/out/vs/workbench/api/node/extensionHostProcess.js:29:119960)
	at j4.M (file:///usr/lib/code/out/vs/workbench/api/node/extensionHostProcess.js:29:119049)
	at j4.L (file:///usr/lib/code/out/vs/workbench/api/node/extensionHostProcess.js:29:118154)
	at od.value (file:///usr/lib/code/out/vs/workbench/api/node/extensionHostProcess.js:29:116951)
	at $.C (file:///usr/lib/code/out/vs/workbench/api/node/extensionHostProcess.js:27:2373)
	at $.fire (file:///usr/lib/code/out/vs/workbench/api/node/extensionHostProcess.js:27:2591)
	at vo.fire (file:///usr/lib/code/out/vs/workbench/api/node/extensionHostProcess.js:29:9458)
	at od.value (file:///usr/lib/code/out/vs/workbench/api/node/extensionHostProcess.js:391:8617)
	at $.C (file:///usr/lib/code/out/vs/workbench/api/node/extensionHostProcess.js:27:2373)
	at $.fire (file:///usr/lib/code/out/vs/workbench/api/node/extensionHostProcess.js:27:2591)
	at vo.fire (file:///usr/lib/code/out/vs/workbench/api/node/extensionHostProcess.js:29:9458)
	at MessagePortMain.<anonymous> (file:///usr/lib/code/out/vs/workbench/api/node/extensionHostProcess.js:391:6909)
	at MessagePortMain.emit (node:events:519:28)
	at MessagePortMain._internalPort.emit (node:electron/js2c/utility_init:2:2949)
2025-10-02 13:49:27.131 [error] Error: Resource not found: /friday-19th-sept-2025
	at FoamWorkspace.get (/home/michael/.vscode-oss/extensions/foam.foam-vscode-0.28.2-universal/out/bundles/extension-node.js:28484:13)
	at od.value (/home/michael/.vscode-oss/extensions/foam.foam-vscode-0.28.2-universal/out/bundles/extension-node.js:33578:47)
	at $.C (file:///usr/lib/code/out/vs/workbench/api/node/extensionHostProcess.js:27:2373)
	at $.fire (file:///usr/lib/code/out/vs/workbench/api/node/extensionHostProcess.js:27:2591)
	at xV.$onMessage (file:///usr/lib/code/out/vs/workbench/api/node/extensionHostProcess.js:140:92344)
	at j4.S (file:///usr/lib/code/out/vs/workbench/api/node/extensionHostProcess.js:29:120180)
	at j4.Q (file:///usr/lib/code/out/vs/workbench/api/node/extensionHostProcess.js:29:119960)
	at j4.M (file:///usr/lib/code/out/vs/workbench/api/node/extensionHostProcess.js:29:119049)
	at j4.L (file:///usr/lib/code/out/vs/workbench/api/node/extensionHostProcess.js:29:118287)
	at od.value (file:///usr/lib/code/out/vs/workbench/api/node/extensionHostProcess.js:29:116951)
	at $.C (file:///usr/lib/code/out/vs/workbench/api/node/extensionHostProcess.js:27:2373)
	at $.fire (file:///usr/lib/code/out/vs/workbench/api/node/extensionHostProcess.js:27:2591)
	at vo.fire (file:///usr/lib/code/out/vs/workbench/api/node/extensionHostProcess.js:29:9458)
	at od.value (file:///usr/lib/code/out/vs/workbench/api/node/extensionHostProcess.js:391:8617)
	at $.C (file:///usr/lib/code/out/vs/workbench/api/node/extensionHostProcess.js:27:2373)
	at $.fire (file:///usr/lib/code/out/vs/workbench/api/node/extensionHostProcess.js:27:2591)
	at vo.fire (file:///usr/lib/code/out/vs/workbench/api/node/extensionHostProcess.js:29:9458)
	at MessagePortMain.<anonymous> (file:///usr/lib/code/out/vs/workbench/api/node/extensionHostProcess.js:391:6909)
	at MessagePortMain.emit (node:events:519:28)
	at MessagePortMain._internalPort.emit (node:electron/js2c/utility_init:2:2949)
2025-10-02 13:49:31.453 [error] ExtensionError: Error in extension foam.foam-vscode: FAILED to handle event
	at od.value (file:///usr/lib/code/out/vs/workbench/api/node/extensionHostProcess.js:199:101685)
	at $.C (file:///usr/lib/code/out/vs/workbench/api/node/extensionHostProcess.js:27:2373)
	at $.D (file:///usr/lib/code/out/vs/workbench/api/node/extensionHostProcess.js:27:2443)
	at $.fire (file:///usr/lib/code/out/vs/workbench/api/node/extensionHostProcess.js:27:2660)
	at od.value (file:///usr/lib/code/out/vs/workbench/api/node/extensionHostProcess.js:199:62852)
	at $.C (file:///usr/lib/code/out/vs/workbench/api/node/extensionHostProcess.js:27:2373)
	at $.fire (file:///usr/lib/code/out/vs/workbench/api/node/extensionHostProcess.js:27:2591)
	at Fy.acceptDocumentsAndEditorsDelta (file:///usr/lib/code/out/vs/workbench/api/node/extensionHostProcess.js:120:11966)
	at Fy.$acceptDocumentsAndEditorsDelta (file:///usr/lib/code/out/vs/workbench/api/node/extensionHostProcess.js:120:10425)
	at j4.S (file:///usr/lib/code/out/vs/workbench/api/node/extensionHostProcess.js:29:120180)
	at j4.Q (file:///usr/lib/code/out/vs/workbench/api/node/extensionHostProcess.js:29:119960)
	at j4.M (file:///usr/lib/code/out/vs/workbench/api/node/extensionHostProcess.js:29:119049)
	at j4.L (file:///usr/lib/code/out/vs/workbench/api/node/extensionHostProcess.js:29:118154)
	at od.value (file:///usr/lib/code/out/vs/workbench/api/node/extensionHostProcess.js:29:116951)
	at $.C (file:///usr/lib/code/out/vs/workbench/api/node/extensionHostProcess.js:27:2373)
	at $.fire (file:///usr/lib/code/out/vs/workbench/api/node/extensionHostProcess.js:27:2591)
	at vo.fire (file:///usr/lib/code/out/vs/workbench/api/node/extensionHostProcess.js:29:9458)
	at od.value (file:///usr/lib/code/out/vs/workbench/api/node/extensionHostProcess.js:391:8617)
	at $.C (file:///usr/lib/code/out/vs/workbench/api/node/extensionHostProcess.js:27:2373)
	at $.fire (file:///usr/lib/code/out/vs/workbench/api/node/extensionHostProcess.js:27:2591)
	at vo.fire (file:///usr/lib/code/out/vs/workbench/api/node/extensionHostProcess.js:29:9458)
	at MessagePortMain.<anonymous> (file:///usr/lib/code/out/vs/workbench/api/node/extensionHostProcess.js:391:6909)
	at MessagePortMain.emit (node:events:519:28)
	at MessagePortMain._internalPort.emit (node:electron/js2c/utility_init:2:2949)
2025-10-02 13:49:32.446 [error] ExtensionError: Error in extension foam.foam-vscode: FAILED to handle event
	at od.value (file:///usr/lib/code/out/vs/workbench/api/node/extensionHostProcess.js:199:101685)
	at $.C (file:///usr/lib/code/out/vs/workbench/api/node/extensionHostProcess.js:27:2373)
	at $.D (file:///usr/lib/code/out/vs/workbench/api/node/extensionHostProcess.js:27:2443)
	at $.fire (file:///usr/lib/code/out/vs/workbench/api/node/extensionHostProcess.js:27:2660)
	at od.value (file:///usr/lib/code/out/vs/workbench/api/node/extensionHostProcess.js:199:62852)
	at $.C (file:///usr/lib/code/out/vs/workbench/api/node/extensionHostProcess.js:27:2373)
	at $.fire (file:///usr/lib/code/out/vs/workbench/api/node/extensionHostProcess.js:27:2591)
	at Fy.acceptDocumentsAndEditorsDelta (file:///usr/lib/code/out/vs/workbench/api/node/extensionHostProcess.js:120:11966)
	at Fy.$acceptDocumentsAndEditorsDelta (file:///usr/lib/code/out/vs/workbench/api/node/extensionHostProcess.js:120:10425)
	at j4.S (file:///usr/lib/code/out/vs/workbench/api/node/extensionHostProcess.js:29:120180)
	at j4.Q (file:///usr/lib/code/out/vs/workbench/api/node/extensionHostProcess.js:29:119960)
	at j4.M (file:///usr/lib/code/out/vs/workbench/api/node/extensionHostProcess.js:29:119049)
	at j4.L (file:///usr/lib/code/out/vs/workbench/api/node/extensionHostProcess.js:29:118154)
	at od.value (file:///usr/lib/code/out/vs/workbench/api/node/extensionHostProcess.js:29:116951)
	at $.C (file:///usr/lib/code/out/vs/workbench/api/node/extensionHostProcess.js:27:2373)
	at $.fire (file:///usr/lib/code/out/vs/workbench/api/node/extensionHostProcess.js:27:2591)
	at vo.fire (file:///usr/lib/code/out/vs/workbench/api/node/extensionHostProcess.js:29:9458)
	at od.value (file:///usr/lib/code/out/vs/workbench/api/node/extensionHostProcess.js:391:8617)
	at $.C (file:///usr/lib/code/out/vs/workbench/api/node/extensionHostProcess.js:27:2373)
	at $.fire (file:///usr/lib/code/out/vs/workbench/api/node/extensionHostProcess.js:27:2591)
	at vo.fire (file:///usr/lib/code/out/vs/workbench/api/node/extensionHostProcess.js:29:9458)
	at MessagePortMain.<anonymous> (file:///usr/lib/code/out/vs/workbench/api/node/extensionHostProcess.js:391:6909)
	at MessagePortMain.emit (node:events:519:28)
	at MessagePortMain._internalPort.emit (node:electron/js2c/utility_init:2:2949)
2025-10-02 13:49:32.461 [error] ExtensionError: Error in extension foam.foam-vscode: FAILED to handle event
	at od.value (file:///usr/lib/code/out/vs/workbench/api/node/extensionHostProcess.js:199:101685)
	at $.C (file:///usr/lib/code/out/vs/workbench/api/node/extensionHostProcess.js:27:2373)
	at $.D (file:///usr/lib/code/out/vs/workbench/api/node/extensionHostProcess.js:27:2443)
	at $.fire (file:///usr/lib/code/out/vs/workbench/api/node/extensionHostProcess.js:27:2660)
	at od.value (file:///usr/lib/code/out/vs/workbench/api/node/extensionHostProcess.js:199:62852)
	at $.C (file:///usr/lib/code/out/vs/workbench/api/node/extensionHostProcess.js:27:2373)
	at $.fire (file:///usr/lib/code/out/vs/workbench/api/node/extensionHostProcess.js:27:2591)
	at Fy.acceptDocumentsAndEditorsDelta (file:///usr/lib/code/out/vs/workbench/api/node/extensionHostProcess.js:120:11966)
	at Fy.$acceptDocumentsAndEditorsDelta (file:///usr/lib/code/out/vs/workbench/api/node/extensionHostProcess.js:120:10425)
	at j4.S (file:///usr/lib/code/out/vs/workbench/api/node/extensionHostProcess.js:29:120180)
	at j4.Q (file:///usr/lib/code/out/vs/workbench/api/node/extensionHostProcess.js:29:119960)
	at j4.M (file:///usr/lib/code/out/vs/workbench/api/node/extensionHostProcess.js:29:119049)
	at j4.L (file:///usr/lib/code/out/vs/workbench/api/node/extensionHostProcess.js:29:118154)
	at od.value (file:///usr/lib/code/out/vs/workbench/api/node/extensionHostProcess.js:29:116951)
	at $.C (file:///usr/lib/code/out/vs/workbench/api/node/extensionHostProcess.js:27:2373)
	at $.fire (file:///usr/lib/code/out/vs/workbench/api/node/extensionHostProcess.js:27:2591)
	at vo.fire (file:///usr/lib/code/out/vs/workbench/api/node/extensionHostProcess.js:29:9458)
	at od.value (file:///usr/lib/code/out/vs/workbench/api/node/extensionHostProcess.js:391:8617)
	at $.C (file:///usr/lib/code/out/vs/workbench/api/node/extensionHostProcess.js:27:2373)
	at $.fire (file:///usr/lib/code/out/vs/workbench/api/node/extensionHostProcess.js:27:2591)
	at vo.fire (file:///usr/lib/code/out/vs/workbench/api/node/extensionHostProcess.js:29:9458)
	at MessagePortMain.<anonymous> (file:///usr/lib/code/out/vs/workbench/api/node/extensionHostProcess.js:391:6909)
	at MessagePortMain.emit (node:events:519:28)
	at MessagePortMain._internalPort.emit (node:electron/js2c/utility_init:2:2949)
2025-10-02 13:49:38.984 [error] ExtensionError: Error in extension foam.foam-vscode: FAILED to handle event
	at od.value (file:///usr/lib/code/out/vs/workbench/api/node/extensionHostProcess.js:199:101685)
	at $.C (file:///usr/lib/code/out/vs/workbench/api/node/extensionHostProcess.js:27:2373)
	at $.D (file:///usr/lib/code/out/vs/workbench/api/node/extensionHostProcess.js:27:2443)
	at $.fire (file:///usr/lib/code/out/vs/workbench/api/node/extensionHostProcess.js:27:2660)
	at od.value (file:///usr/lib/code/out/vs/workbench/api/node/extensionHostProcess.js:199:62852)
	at $.C (file:///usr/lib/code/out/vs/workbench/api/node/extensionHostProcess.js:27:2373)
	at $.fire (file:///usr/lib/code/out/vs/workbench/api/node/extensionHostProcess.js:27:2591)
	at Fy.acceptDocumentsAndEditorsDelta (file:///usr/lib/code/out/vs/workbench/api/node/extensionHostProcess.js:120:11966)
	at Fy.$acceptDocumentsAndEditorsDelta (file:///usr/lib/code/out/vs/workbench/api/node/extensionHostProcess.js:120:10425)
	at j4.S (file:///usr/lib/code/out/vs/workbench/api/node/extensionHostProcess.js:29:120180)
	at j4.Q (file:///usr/lib/code/out/vs/workbench/api/node/extensionHostProcess.js:29:119960)
	at j4.M (file:///usr/lib/code/out/vs/workbench/api/node/extensionHostProcess.js:29:119049)
	at j4.L (file:///usr/lib/code/out/vs/workbench/api/node/extensionHostProcess.js:29:118154)
	at od.value (file:///usr/lib/code/out/vs/workbench/api/node/extensionHostProcess.js:29:116951)
	at $.C (file:///usr/lib/code/out/vs/workbench/api/node/extensionHostProcess.js:27:2373)
	at $.fire (file:///usr/lib/code/out/vs/workbench/api/node/extensionHostProcess.js:27:2591)
	at vo.fire (file:///usr/lib/code/out/vs/workbench/api/node/extensionHostProcess.js:29:9458)
	at od.value (file:///usr/lib/code/out/vs/workbench/api/node/extensionHostProcess.js:391:8617)
	at $.C (file:///usr/lib/code/out/vs/workbench/api/node/extensionHostProcess.js:27:2373)
	at $.fire (file:///usr/lib/code/out/vs/workbench/api/node/extensionHostProcess.js:27:2591)
	at vo.fire (file:///usr/lib/code/out/vs/workbench/api/node/extensionHostProcess.js:29:9458)
	at MessagePortMain.<anonymous> (file:///usr/lib/code/out/vs/workbench/api/node/extensionHostProcess.js:391:6909)
	at MessagePortMain.emit (node:events:519:28)
	at MessagePortMain._internalPort.emit (node:electron/js2c/utility_init:2:2949)
2025-10-02 13:49:41.166 [error] ExtensionError: Error in extension foam.foam-vscode: FAILED to handle event
	at od.value (file:///usr/lib/code/out/vs/workbench/api/node/extensionHostProcess.js:199:101685)
	at $.C (file:///usr/lib/code/out/vs/workbench/api/node/extensionHostProcess.js:27:2373)
	at $.D (file:///usr/lib/code/out/vs/workbench/api/node/extensionHostProcess.js:27:2443)
	at $.fire (file:///usr/lib/code/out/vs/workbench/api/node/extensionHostProcess.js:27:2660)
	at od.value (file:///usr/lib/code/out/vs/workbench/api/node/extensionHostProcess.js:199:62852)
	at $.C (file:///usr/lib/code/out/vs/workbench/api/node/extensionHostProcess.js:27:2373)
	at $.fire (file:///usr/lib/code/out/vs/workbench/api/node/extensionHostProcess.js:27:2591)
	at Fy.acceptDocumentsAndEditorsDelta (file:///usr/lib/code/out/vs/workbench/api/node/extensionHostProcess.js:120:11966)
	at Fy.$acceptDocumentsAndEditorsDelta (file:///usr/lib/code/out/vs/workbench/api/node/extensionHostProcess.js:120:10425)
	at j4.S (file:///usr/lib/code/out/vs/workbench/api/node/extensionHostProcess.js:29:120180)
	at j4.Q (file:///usr/lib/code/out/vs/workbench/api/node/extensionHostProcess.js:29:119960)
	at j4.M (file:///usr/lib/code/out/vs/workbench/api/node/extensionHostProcess.js:29:119049)
	at j4.L (file:///usr/lib/code/out/vs/workbench/api/node/extensionHostProcess.js:29:118154)
	at od.value (file:///usr/lib/code/out/vs/workbench/api/node/extensionHostProcess.js:29:116951)
	at $.C (file:///usr/lib/code/out/vs/workbench/api/node/extensionHostProcess.js:27:2373)
	at $.fire (file:///usr/lib/code/out/vs/workbench/api/node/extensionHostProcess.js:27:2591)
	at vo.fire (file:///usr/lib/code/out/vs/workbench/api/node/extensionHostProcess.js:29:9458)
	at od.value (file:///usr/lib/code/out/vs/workbench/api/node/extensionHostProcess.js:391:8617)
	at $.C (file:///usr/lib/code/out/vs/workbench/api/node/extensionHostProcess.js:27:2373)
	at $.fire (file:///usr/lib/code/out/vs/workbench/api/node/extensionHostProcess.js:27:2591)
	at vo.fire (file:///usr/lib/code/out/vs/workbench/api/node/extensionHostProcess.js:29:9458)
	at MessagePortMain.<anonymous> (file:///usr/lib/code/out/vs/workbench/api/node/extensionHostProcess.js:391:6909)
	at MessagePortMain.emit (node:events:519:28)
	at MessagePortMain._internalPort.emit (node:electron/js2c/utility_init:2:2949)
2025-10-02 13:49:42.957 [error] ExtensionError: Error in extension foam.foam-vscode: FAILED to handle event
	at od.value (file:///usr/lib/code/out/vs/workbench/api/node/extensionHostProcess.js:199:101685)
	at $.C (file:///usr/lib/code/out/vs/workbench/api/node/extensionHostProcess.js:27:2373)
	at $.D (file:///usr/lib/code/out/vs/workbench/api/node/extensionHostProcess.js:27:2443)
	at $.fire (file:///usr/lib/code/out/vs/workbench/api/node/extensionHostProcess.js:27:2660)
	at od.value (file:///usr/lib/code/out/vs/workbench/api/node/extensionHostProcess.js:199:62852)
	at $.C (file:///usr/lib/code/out/vs/workbench/api/node/extensionHostProcess.js:27:2373)
	at $.fire (file:///usr/lib/code/out/vs/workbench/api/node/extensionHostProcess.js:27:2591)
	at Fy.acceptDocumentsAndEditorsDelta (file:///usr/lib/code/out/vs/workbench/api/node/extensionHostProcess.js:120:11966)
	at Fy.$acceptDocumentsAndEditorsDelta (file:///usr/lib/code/out/vs/workbench/api/node/extensionHostProcess.js:120:10425)
	at j4.S (file:///usr/lib/code/out/vs/workbench/api/node/extensionHostProcess.js:29:120180)
	at j4.Q (file:///usr/lib/code/out/vs/workbench/api/node/extensionHostProcess.js:29:119960)
	at j4.M (file:///usr/lib/code/out/vs/workbench/api/node/extensionHostProcess.js:29:119049)
	at j4.L (file:///usr/lib/code/out/vs/workbench/api/node/extensionHostProcess.js:29:118154)
	at od.value (file:///usr/lib/code/out/vs/workbench/api/node/extensionHostProcess.js:29:116951)
	at $.C (file:///usr/lib/code/out/vs/workbench/api/node/extensionHostProcess.js:27:2373)
	at $.fire (file:///usr/lib/code/out/vs/workbench/api/node/extensionHostProcess.js:27:2591)
	at vo.fire (file:///usr/lib/code/out/vs/workbench/api/node/extensionHostProcess.js:29:9458)
	at od.value (file:///usr/lib/code/out/vs/workbench/api/node/extensionHostProcess.js:391:8617)
	at $.C (file:///usr/lib/code/out/vs/workbench/api/node/extensionHostProcess.js:27:2373)
	at $.fire (file:///usr/lib/code/out/vs/workbench/api/node/extensionHostProcess.js:27:2591)
	at vo.fire (file:///usr/lib/code/out/vs/workbench/api/node/extensionHostProcess.js:29:9458)
	at MessagePortMain.<anonymous> (file:///usr/lib/code/out/vs/workbench/api/node/extensionHostProcess.js:391:6909)
	at MessagePortMain.emit (node:events:519:28)
	at MessagePortMain._internalPort.emit (node:electron/js2c/utility_init:2:2949)
2025-10-02 13:49:58.399 [info] Extension host terminating: renderer closed the MessagePort
2025-10-02 13:49:58.416 [info] Extension host with pid 30924 exiting with code 0
