[12170][1759877371675][main][info]["Booting Postman 11.65.4, linux-6.16.8-arch3-1 on x64"]
[12170][1759877371677][main][info]["EventBus~initialize - Success"]
[12170][1759877371683][main][info]["Proxy configuration has not been setup"]
[12170][1759877371683][main][info]["CloudProxyManager~init - Success"]
[12170][1759877371709][main][info]["performShellDataMigration: Starting shell data migration"]
[12170][1759877371709][main][info]["migrateShellData:Starting"]
[12170][1759877371710][main][info]["migrateShellData: Old storage cleaned up"]
[12170][1759877371875][main][info]["migrateShellData: Got data from shell. Writing to storage"]
[12170][1759877371888][main][info]["performShellDataMigration: Migration successful on try count 1"]
[12170][1759877371899][main][info]["UpdateHandler~init - Success"]
[12170][1759877371901][main][info]["LeaderSelection: Initialized successfully"]
[12170][1759877371907][main][info]["GPU detected VID 32902 DID 42913 ACTIVE true"]
[12170][1759877371908][main][info]["main.js: Agent started"]
[12170][1759877371909][main][info]["shellController~init: Success"]
[12170][1759877371909][main][info]["shellMeta~init: Success"]
[12170][1759877371909][main][info]["partitionMigrationService: State of V7 partition:"]
[12170][1759877371909][main][info]["partitionMigrationService: V7 partitions",[]]
[12170][1759877371909][main][info]["partitionMigrationService~rectifyNamespaceOfScratchPadPartition: There is no partition with scratchpad namespace"]
[12170][1759877371909][main][info]["partitionMigrationService~rectifyNamespaceOfScratchPadPartition: There is no transit partition which could have been used for scratchpad"]
[12170][1759877371909][main][info]["partitionMigrationService~init: Success"]
[12170][1759877371909][main][info]["partitionMigrationService~runV8PartitionsIntegrity: Two way migration~ removing the following partitions from v8",[]]
[12170][1759877371909][main][info]["userPartitionService~_rectifyTheActivePartitionOfApplication: Setting the active partition to ",null]
[12170][1759877371914][main][info]["LinuxAutoUpdater~Cleanup - Initial cleanup successful"]
[12170][1759877371915][main][info]["newAccountRegionPreferenceService~getPreferenceWithFallback - Preference not found in storage."]
[12170][1759877371915][main][info]["newAccountRegionPreferenceService~getToggleMenuTemplate - Using preference:","useUSRegion"]
[12170][1759877371922][main][info]["userPartitionService~init: Success"]
[12170][1759877371952][main][info]["userPartitionService: State of v8 partition system:"]
[12170][1759877371952][main][info]["shell~init~getPartitionToLoad: loading scratchpad partition"]
[12170][1759877371953][main][info]["userPartitionService: List of partitions:",[]]
[12170][1759877371953][main][info]["userPartitionService: users global meta:",{}]
[12170][1759877371970][main][info]["Main:windowManager~newRequesterWindow: Fetch and update runtime config: undefined"]
[12170][1759877373708][main][info]["RuntimeIPCAgent~started: Success"]
[12170][1759877373716][main][info]["Main~scratchpadThemeAction:: action: set, value: dark"]
[12170][1759877373717][main][info]["Main~scratchpadThemeAction:: action: set, value: dark"]
[12170][1759877373721][main][info]["Main~scratchpadThemeAction:: action: set, value: dark"]
[12170][1759877373725][main][info]["UpdateHandler~app-update-events - Received event",{"name":"checkForElectronVersionUpdated","namespace":"appUpdate"}]
[12170][1759877373728][main][info]["windowManager: First requester booted successfully."]
[12170][1759877373728][main][info]["windowManager~restoreWindows: Restoring requester windows"]
[12170][1759877373729][main][info]["WebVersionService: Initialized successfully with version: undefined"]
[12170][1759877373729][main][info]["Main~AppEvents - Received booted event for process requester.Version undefined UI Version: undefined Desktop Platform Version: 11.65.4"]
[12170][1759887097681][main][info]["Main - model-events~user - (users, add) received"]
[12170][1759887097706][main][info]["WebVersionService: Resetting UI version as user logged out/switched account"]
[12170][1759887097706][main][info]["WebVersionService: Resetting web app version"]
[12170][1759887097849][main][info]["AuthHandler~open: Received dom-ready event."]
[12170][1759887097850][main][info]["AuthHandler~open: Received did-finish-load event."]
[12170][1759887097964][main][warn]["AuthHandler~open: Current app is not default protocol client - Falling back to polling mechanism."]
[12170][1759887097968][main][info]["newAccountRegionPreferenceService~getPreferenceWithFallback - Preference not found in storage."]
[12170][1759887097968][main][info]["newAccountRegionPreferenceService~getRegionPreference - Using preference:","useUSRegion"]
[12170][1759887097969][main][info]["AuthHandler~open: new Account region preference:","us"]
[12170][1759887097970][main][info]["AuthHandler~open: get multiLoginToken token."]
[12170][1759887097970][main][info]["AuthHandler~open: Publishing initialize event to auth-window channel."]
[12170][1759887106173][main][info]["userPartitionService: State of v8 partition system:"]
[12170][1759887106173][main][info]["shell~init~getPartitionToLoad: loading scratchpad partition"]
[12170][1759887106173][main][info]["userPartitionService: List of partitions:",[{"partitionId":"21dcee16-a591-4b9d-a1db-8d6cca28179e","namespace":"scratchPad","userId":0,"teamId":0,"isDirty":false}]]
[12170][1759887106173][main][info]["userPartitionService: users global meta:",{}]
[12170][1759887106173][main][info]["Main:windowManager~newRequesterWindow: Fetch and update runtime config: undefined"]
[12170][1759887107078][main][info]["Main~scratchpadThemeAction:: action: set, value: dark"]
[12170][1759887107079][main][info]["Main~scratchpadThemeAction:: action: set, value: dark"]
[12170][1759887107081][main][info]["Main~scratchpadThemeAction:: action: set, value: dark"]
[12170][1759887107087][main][info]["UpdateHandler~app-update-events - Received event",{"name":"checkForElectronVersionUpdated","namespace":"appUpdate"}]
[12170][1759887107090][main][info]["windowManager: First requester booted successfully."]
[12170][1759887107090][main][info]["windowManager~restoreWindows: Restoring requester windows"]
[12170][1759887107090][main][info]["WebVersionService: Initialized successfully with version: undefined"]
[12170][1759887107090][main][info]["Main~AppEvents - Received booted event for process requester.Version undefined UI Version: undefined Desktop Platform Version: 11.65.4"]
[12170][1759887285105][main][info]["WindowManager~closeHandler - Closed Window (id: 4 )"]
[12170][1759887285113][main][info]["Quitting app"]
