2025-10-02 13:51:08.868 [info] Started local extension host with pid 31674.
2025-10-02 13:51:09.631 [error] [Extension Host] (node:31674) [DEP0040] DeprecationWarning: The `punycode` module is deprecated. Please use a userland alternative instead.
(Use `exe --trace-deprecation ...` to show where the warning was created)
2025-10-02 13:51:11.507 [info] [perf] Render performance baseline is 24ms
2025-10-02 13:51:11.634 [error] Cannot read properties of undefined (reading 'document'): TypeError: Cannot read properties of undefined (reading 'document')
	at getEditorEOL (/home/michael/.vscode-oss/extensions/foam.foam-vscode-0.28.2-universal/out/bundles/extension-node.js:29304:49)
	at WikilinkReferenceCodeLensProvider.provideCodeLenses (/home/michael/.vscode-oss/extensions/foam.foam-vscode-0.28.2-universal/out/bundles/extension-node.js:30009:17)
	at gm.provideCodeLenses (file:///usr/lib/code/out/vs/workbench/api/node/extensionHostProcess.js:140:129234)
	at file:///usr/lib/code/out/vs/workbench/api/node/extensionHostProcess.js:140:157814
	at Kt.G (file:///usr/lib/code/out/vs/workbench/api/node/extensionHostProcess.js:140:156654)
	at Kt.$provideCodeLenses (file:///usr/lib/code/out/vs/workbench/api/node/extensionHostProcess.js:140:157802)
	at j4.S (file:///usr/lib/code/out/vs/workbench/api/node/extensionHostProcess.js:29:120180)
	at j4.Q (file:///usr/lib/code/out/vs/workbench/api/node/extensionHostProcess.js:29:119960)
	at j4.M (file:///usr/lib/code/out/vs/workbench/api/node/extensionHostProcess.js:29:119011)
	at j4.L (file:///usr/lib/code/out/vs/workbench/api/node/extensionHostProcess.js:29:118154)
	at od.value (file:///usr/lib/code/out/vs/workbench/api/node/extensionHostProcess.js:29:116951)
	at $.C (file:///usr/lib/code/out/vs/workbench/api/node/extensionHostProcess.js:27:2373)
	at $.fire (file:///usr/lib/code/out/vs/workbench/api/node/extensionHostProcess.js:27:2591)
	at vo.fire (file:///usr/lib/code/out/vs/workbench/api/node/extensionHostProcess.js:29:9458)
	at od.value (file:///usr/lib/code/out/vs/workbench/api/node/extensionHostProcess.js:391:8617)
	at $.C (file:///usr/lib/code/out/vs/workbench/api/node/extensionHostProcess.js:27:2373)
	at $.fire (file:///usr/lib/code/out/vs/workbench/api/node/extensionHostProcess.js:27:2591)
	at vo.fire (file:///usr/lib/code/out/vs/workbench/api/node/extensionHostProcess.js:29:9458)
	at MessagePortMain.<anonymous> (file:///usr/lib/code/out/vs/workbench/api/node/extensionHostProcess.js:391:6909)
	at MessagePortMain.emit (node:events:519:28)
	at MessagePortMain._internalPort.emit (node:electron/js2c/utility_init:2:2949)
2025-10-02 13:51:13.597 [error] Error while getting the latest version for the extension foam.foam-vscode. SyntaxError: Unexpected token '<', "<!DOCTYPE "... is not valid JSON:
<!DOCTYPE html>
<html lang="en">

<head>
    <title>Open VSX Registry</title>
    <meta charset="UTF-8">
    <meta name="viewport" content="width=device-width, initial-scale=1">
    <link rel="stylesheet" href="https://fonts.googleapis.com/css?family=Roboto:300,400,500,700&display=swap" />

    <!-- Google Tag Manager -->
    <script>(function(w,d,s,l,i){w[l]=w[l]||[];w[l].push({'gtm.start':
    new Date().getTime(),event:'gtm.js'});var f=d.getElementsByTagName(s)[0],
    j=d.createElement(s),dl=l!='dataLayer'?'&l='+l:'';j.async=true;j.src=
    'https://www.googletagmanager.com/gtm.js?id='+i+dl;f.parentNode.insertBefore(j,f);
    })(window,document,'script','dataLayer','GTM-5WLCZXC');</script>

    <!-- Eclipse Cookie Consent -->
    <link rel="stylesheet" type="text/css"
        href="//www.eclipse.org/eclipse.org-common/themes/solstice/public/stylesheets/vendor/cookieconsent/cookieconsent.min.css" />
    <script
        src="//www.eclipse.org/eclipse.org-common/themes/solstice/public/javascript/vendor/cookieconsent/default.min.js">
    </script>
    <style>
        a.cc-btn.cc-allow {
            background-color: #c160ef;
        }
        a.cc-btn.cc-allow:hover, a.cc-btn.cc-allow:focus {
            background-color: #444;
        }
        .cc-revoke {
            display: none !important;
        }
        @media (prefers-color-scheme: dark) {
          body {
            background-color: #121212;
          }
        }
    </style>
</head>

<body>
    <!-- Google Tag Manager (noscript) -->
    <noscript><iframe title="Google Tag Manager" src="https://www.googletagmanager.com/ns.html?id=GTM-5WLCZXC" height="0" width="0" style="display:none;visibility:hidden"></iframe></noscript>
    <!-- End Google Tag Manager (noscript) -->
    <div id="main"></div>
    <script src='/bundle.js' ></script>
</body>

</html>

